// Jest Snapshot v1, https://goo.gl/fbAQLP

exports[`Virtualizer should render children 1`] = `
<Scroller
  height={100}
  horizontalPartWidth={100}
  ignoredHorizontalParts={[]}
  onScroll={[Function]}
  scrollbarSize={0}
  virtualHeight={5000}
  virtualWidth={5000}
  width={200}
>
  <Context.Provider
    value={
      {
        "cellHeight": 100,
        "cellWidth": 100,
        "visibleColumnIndexes": [
          0,
          1,
          2,
        ],
        "visibleRowIndexes": [
          0,
          1,
        ],
      }
    }
  >
    <div>
      Foo
    </div>
  </Context.Provider>
</Scroller>
`;
